
> golden-hills-hotel@0.0.0 build
> vite build

[36mvite v5.4.21 [32mbuilding for production...[36m[39m
transforming...
[32mظ£ô[39m 45 modules transformed.
cmd : [31mx[39m Build failed in 2.87s
Au caractère Ligne:1 : 1
+ cmd /c "npm run build" > build_output.txt 2>&1
+ ~~~~~~~~~~~~~~~~~~~~~~~~~~~~~~~~~~~~~~~~~~~~~~
    + CategoryInfo          : NotSpecified: ([31mx[39m Build failed in 2.87s:String) [], RemoteException
    + FullyQualifiedErrorId : NativeCommandError
 
[31merror during build:
[31m[vite:esbuild] Transform failed with 1 error:
C:/Users/pc/Desktop/hotel/golden-hills/src/pages/admin/ReservationsSystem.jsx:243:26: ERROR: Unterminated regular 
expression[31m
file: [36mC:/Users/pc/Desktop/hotel/golden-hills/src/pages/admin/ReservationsSystem.jsx:243:26[31m
[33m
[33mUnterminated regular expression[33m
241|                            <button onClick={() => handleDelete(req.id)} className="text-gray-300 
hover:text-red-500 p-2 opacity-0 group-hover:opacity-100 transition-opacity"><Trash2 className="w-4 h-4"/></button>
242|                         </div>
243|                      </div>
   |                            ^
244|                    ))}
245|                 </div>
[31m
    at failureErrorWithLog (C:\Users\pc\Desktop\hotel\golden-hills\node_modules\esbuild\lib\main.js:1472:15)
    at C:\Users\pc\Desktop\hotel\golden-hills\node_modules\esbuild\lib\main.js:755:50
    at responseCallbacks.<computed> (C:\Users\pc\Desktop\hotel\golden-hills\node_modules\esbuild\lib\main.js:622:9)
    at handleIncomingPacket (C:\Users\pc\Desktop\hotel\golden-hills\node_modules\esbuild\lib\main.js:677:12)
    at Socket.readFromStdout (C:\Users\pc\Desktop\hotel\golden-hills\node_modules\esbuild\lib\main.js:600:7)
    at Socket.emit (node:events:509:28)
    at addChunk (node:internal/streams/readable:563:12)
    at readableAddChunkPushByteMode (node:internal/streams/readable:514:3)
    at Readable.push (node:internal/streams/readable:394:5)
    at Pipe.onStreamRead (node:internal/stream_base_commons:189:23)[39m

